#!/bin/env python3
import socket
import getpass
user=getpass.getuser()
host=socket.gethostname()
#Dmesg Emulator
print("[    0.000000] Initializing cgroup subsys cpuset")
print("[    0.000000] Initializing cgroup subsys cpu")
print("[    0.000000] Initializing cgroup subsys cpuacct")
print("[    0.000000] Linux version 4.0.0-1-mainline ("+user+"@"+host+") (gcc version 4.9.2 20150304 (prerelease) (GCC) ) #2 SMP PREEMPT Sun Mar 8 13:34:39 GMT 2015")
print("[    0.000000] Command line: BOOT_IMAGE=../vmlinuz-linux-mainline root=/dev/sda1 rw quiet discard radeon.audio=1 initrd=../initramfs-linux-mainline.img")
print("[    0.000000] tseg: 0000000000")
print("[    0.000000] e820: BIOS-provided physical RAM map:")
print("[    0.000000] BIOS-e820: [mem 0x0000000000000000-0x0000000000094fff] usable")
print("[    0.000000] BIOS-e820: [mem 0x0000000000095000-0x000000000009ffff] reserved")
print("[    0.000000] BIOS-e820: [mem 0x00000000000e2000-0x00000000000fffff] reserved")
print("[    0.000000] BIOS-e820: [mem 0x0000000000100000-0x00000000cff8ffff] usable")
print("[    0.000000] BIOS-e820: [mem 0x00000000cff90000-0x00000000cff9dfff] ACPI data")
print("[    0.000000] BIOS-e820: [mem 0x00000000cff9e000-0x00000000cffdffff] ACPI NVS")
print("[    0.000000] BIOS-e820: [mem 0x00000000cffe0000-0x00000000cfffffff] reserved")
print("[    0.000000] BIOS-e820: [mem 0x00000000fff00000-0x00000000ffffffff] reserved")
print("[    0.000000] BIOS-e820: [mem 0x0000000100000000-0x000000042fffffff] usable")
print("[    0.000000] NX (Execute Disable) protection: active")
print("[    0.000000] SMBIOS 2.6 present.")
print("[    0.000000] DMI: MSI MS-7599/870A-G46 (MS-7599), BIOS V17.17 01/13/2012")
print("[    0.000000] e820: update [mem 0x00000000-0x00000fff] usable ==> reserved")
print("[    0.000000] e820: remove [mem 0x000a0000-0x000fffff] usable")
print("[    0.000000] AGP: No AGP bridge found")
print("[    0.000000] e820: last_pfn = 0x430000 max_arch_pfn = 0x400000000")
print("[    0.000000] MTRR default type: uncachable")
print("[    0.000000] MTRR fixed ranges enabled:")
print("[    0.000000]   00000-9FFFF write-back")
print("[    0.000000]   A0000-EFFFF uncachable")
print("[    0.000000]   F0000-FFFFF write-protect")
print("[    0.000000] MTRR variable ranges enabled:")
print("[    0.000000]   0 base 000000000000 mask FFFF80000000 write-back")
print("[    0.000000]   1 base 000080000000 mask FFFFC0000000 write-back")
print("[    0.000000]   2 base 0000C0000000 mask FFFFF0000000 write-back")
print("[    0.000000]   3 disabled")
print("[    0.000000]   4 disabled")
print("[    0.000000]   5 disabled")
print("[    0.000000]   6 disabled")
print("[    0.000000]   7 disabled")
print("[    0.000000] TOM2: 0000000430000000 aka 17152M")
print("[    0.000000] PAT configuration [0-7]: WB  WC  UC- UC  WB  WC  UC- UC  ")
print("[    0.000000] e820: update [mem 0xd0000000-0xffffffff] usable ==> reserved")
print("[    0.000000] e820: last_pfn = 0xcff90 max_arch_pfn = 0x400000000")
print("[    0.000000] found SMP MP-table at [mem 0x000ff780-0x000ff78f] mapped at [ffff8800000ff780]")
print("[    0.000000] Scanning 1 areas for low memory corruption")
print("[    0.000000] Base memory trampoline at [ffff88000008f000] 8f000 size 24576")
print("[    0.000000] Using GB pages for direct mapping")
print("[    0.000000] init_memory_mapping: [mem 0x00000000-0x000fffff]")
print("[    0.000000]  [mem 0x00000000-0x000fffff] page 4k")
print("[    0.000000] BRK [0x01b2d000, 0x01b2dfff] PGTABLE")
print("[    0.000000] BRK [0x01b2e000, 0x01b2efff] PGTABLE")
print("[    0.000000] BRK [0x01b2f000, 0x01b2ffff] PGTABLE")
print("[    0.000000] init_memory_mapping: [mem 0x42fe00000-0x42fffffff]")
print("[    0.000000]  [mem 0x42fe00000-0x42fffffff] page 2M")
print("[    0.000000] BRK [0x01b30000, 0x01b30fff] PGTABLE")
print("[    0.000000] init_memory_mapping: [mem 0x420000000-0x42fdfffff]")
print("[    0.000000]  [mem 0x420000000-0x42fdfffff] page 2M")
print("[    0.000000] init_memory_mapping: [mem 0x400000000-0x41fffffff]")
print("[    0.000000]  [mem 0x400000000-0x41fffffff] page 2M")
print("[    0.000000] init_memory_mapping: [mem 0x00100000-0xcff8ffff]")
print("[    0.000000]  [mem 0x00100000-0x001fffff] page 4k")
print("[    0.000000]  [mem 0x00200000-0x3fffffff] page 2M")
print("[    0.000000]  [mem 0x40000000-0xbfffffff] page 1G")
print("[    0.000000]  [mem 0xc0000000-0xcfdfffff] page 2M")
print("[    0.000000]  [mem 0xcfe00000-0xcff8ffff] page 4k")
print("[    0.000000] init_memory_mapping: [mem 0x100000000-0x3ffffffff]")
print("[    0.000000]  [mem 0x100000000-0x3ffffffff] page 1G")
print("[    0.000000] RAMDISK: [mem 0x7fca3000-0x7fffffff]")
print("[    0.000000] ACPI: Early table checksum verification disabled")
print("[    0.000000] ACPI: RSDP 0x00000000000F8C40 000014 (v00 ACPIAM)")
print("[    0.000000] ACPI: RSDT 0x00000000CFF90000 000038 (v01 7599MS A7599300 20120113 MSFT 00000097)")
print("[    0.000000] ACPI: FACP 0x00000000CFF90200 000084 (v01 7599MS A7599300 20120113 MSFT 00000097)")
print("[    0.000000] ACPI: DSDT 0x00000000CFF90660 005A15 (v01 A7599  A7599300 00000300 INTL 20051117)")
print("[    0.000000] ACPI: FACS 0x00000000CFF9E000 000040")
print("[    0.000000] ACPI: APIC 0x00000000CFF90390 00010C (v01 7599MS A7599300 20120113 MSFT 00000097)")
print("[    0.000000] ACPI: MCFG 0x00000000CFF904A0 00003C (v01 7599MS OEMMCFG  20120113 MSFT 00000097)")
print("[    0.000000] ACPI: OEMB 0x00000000CFF9E040 000072 (v01 7599MS A7599300 20120113 MSFT 00000097)")
print("[    0.000000] ACPI: HPET 0x00000000CFF9A660 000038 (v01 7599MS OEMHPET  20120113 MSFT 00000097)")
print("[    0.000000] ACPI: Local APIC address 0xfee00000")
print("[    0.000000] Scanning NUMA topology in Northbridge 24")
print("[    0.000000] No NUMA configuration found")
print("[    0.000000] Faking a node at [mem 0x0000000000000000-0x000000042fffffff]")
print("[    0.000000] NODE_DATA(0) allocated [mem 0x42fffa000-0x42fffdfff]")
print("[    0.000000]  [ffffea0000000000-ffffea0010bfffff] PMD -> [ffff88041f600000-ffff88042f5fffff] on node 0")
print("[    0.000000] Zone ranges:")
print("[    0.000000]   DMA      [mem 0x0000000000001000-0x0000000000ffffff]")
print("[    0.000000]   DMA32    [mem 0x0000000001000000-0x00000000ffffffff]")
print("[    0.000000]   Normal   [mem 0x0000000100000000-0x000000042fffffff]")
print("[    0.000000] Movable zone start for each node")
print("[    0.000000] Early memory node ranges")
print("[    0.000000]   node   0: [mem 0x0000000000001000-0x0000000000094fff]")
print("[    0.000000]   node   0: [mem 0x0000000000100000-0x00000000cff8ffff]")
print("[    0.000000]   node   0: [mem 0x0000000100000000-0x000000042fffffff]")
print("[    0.000000] Initmem setup node 0 [mem 0x0000000000001000-0x000000042fffffff]")
print("[    0.000000] On node 0 totalpages: 4194084")
print("[    0.000000]   DMA zone: 64 pages used for memmap")
print("[    0.000000]   DMA zone: 21 pages reserved")
print("[    0.000000]   DMA zone: 3988 pages, LIFO batch:0")
print("[    0.000000]   DMA32 zone: 13247 pages used for memmap")
print("[    0.000000]   DMA32 zone: 847760 pages, LIFO batch:31")
print("[    0.000000]   Normal zone: 52224 pages used for memmap")
print("[    0.000000]   Normal zone: 3342336 pages, LIFO batch:31")
print("[    0.000000] ACPI: PM-Timer IO Port: 0x808")
print("[    0.000000] ACPI: Local APIC address 0xfee00000")
print("[    0.000000] ACPI: LAPIC (acpi_id[0x01] lapic_id[0x00] enabled)")
print("[    0.000000] ACPI: LAPIC (acpi_id[0x02] lapic_id[0x01] enabled)")
print("[    0.000000] ACPI: LAPIC (acpi_id[0x03] lapic_id[0x02] enabled)")
print("[    0.000000] ACPI: LAPIC (acpi_id[0x04] lapic_id[0x03] enabled)")
print("[    0.000000] ACPI: LAPIC (acpi_id[0x05] lapic_id[0x04] enabled)")
print("[    0.000000] ACPI: LAPIC (acpi_id[0x06] lapic_id[0x05] enabled)")
print("[    0.000000] ACPI: LAPIC (acpi_id[0x07] lapic_id[0x86] disabled)")
print("[    0.000000] ACPI: LAPIC (acpi_id[0x08] lapic_id[0x87] disabled)")
print("[    0.000000] ACPI: LAPIC (acpi_id[0x09] lapic_id[0x88] disabled)")
print("[    0.000000] ACPI: LAPIC (acpi_id[0x0a] lapic_id[0x89] disabled)")
print("[    0.000000] ACPI: LAPIC (acpi_id[0x0b] lapic_id[0x8a] disabled)")
print("[    0.000000] ACPI: LAPIC (acpi_id[0x0c] lapic_id[0x8b] disabled)")
print("[    0.000000] ACPI: LAPIC (acpi_id[0x0d] lapic_id[0x8c] disabled)")
print("[    0.000000] ACPI: LAPIC (acpi_id[0x0e] lapic_id[0x8d] disabled)")
print("[    0.000000] ACPI: LAPIC (acpi_id[0x0f] lapic_id[0x8e] disabled)")
print("[    0.000000] ACPI: LAPIC (acpi_id[0x10] lapic_id[0x8f] disabled)")
print("[    0.000000] ACPI: LAPIC (acpi_id[0x11] lapic_id[0x90] disabled)")
print("[    0.000000] ACPI: LAPIC (acpi_id[0x12] lapic_id[0x91] disabled)")
print("[    0.000000] ACPI: LAPIC (acpi_id[0x13] lapic_id[0x92] disabled)")
print("[    0.000000] ACPI: LAPIC (acpi_id[0x14] lapic_id[0x93] disabled)")
print("[    0.000000] ACPI: LAPIC (acpi_id[0x15] lapic_id[0x94] disabled)")
print("[    0.000000] ACPI: LAPIC (acpi_id[0x16] lapic_id[0x95] disabled)")
print("[    0.000000] ACPI: LAPIC (acpi_id[0x17] lapic_id[0x96] disabled)")
print("[    0.000000] ACPI: LAPIC (acpi_id[0x18] lapic_id[0x97] disabled)")
print("[    0.000000] ACPI: IOAPIC (id[0x06] address[0xfec00000] gsi_base[0])")
print("[    0.000000] IOAPIC[0]: apic_id 6, version 33, address 0xfec00000, GSI 0-23")
print("[    0.000000] ACPI: INT_SRC_OVR (bus 0 bus_irq 0 global_irq 2 dfl dfl)")
print("[    0.000000] ACPI: INT_SRC_OVR (bus 0 bus_irq 9 global_irq 9 low level)")
print("[    0.000000] ACPI: IRQ0 used by override.")
print("[    0.000000] ACPI: IRQ9 used by override.")
print("[    0.000000] Using ACPI (MADT) for SMP configuration information")
print("[    0.000000] ACPI: HPET id: 0x8300 base: 0xfed00000")
print("[    0.000000] smpboot: Allowing 24 CPUs, 18 hotplug CPUs")
print("[    0.000000] PM: Registered nosave memory: [mem 0x00000000-0x00000fff]")
print("[    0.000000] PM: Registered nosave memory: [mem 0x00095000-0x0009ffff]")
print("[    0.000000] PM: Registered nosave memory: [mem 0x000a0000-0x000e1fff]")
print("[    0.000000] PM: Registered nosave memory: [mem 0x000e2000-0x000fffff]")
print("[    0.000000] PM: Registered nosave memory: [mem 0xcff90000-0xcff9dfff]")
print("[    0.000000] PM: Registered nosave memory: [mem 0xcff9e000-0xcffdffff]")
print("[    0.000000] PM: Registered nosave memory: [mem 0xcffe0000-0xcfffffff]")
print("[    0.000000] PM: Registered nosave memory: [mem 0xd0000000-0xffefffff]")
print("[    0.000000] PM: Registered nosave memory: [mem 0xfff00000-0xffffffff]")
print("[    0.000000] e820: [mem 0xd0000000-0xffefffff] available for PCI devices")
print("[    0.000000] Booting paravirtualized kernel on bare hardware")
print("[    0.000000] setup_percpu: NR_CPUS:128 nr_cpumask_bits:128 nr_cpu_ids:24 nr_node_ids:1")
print("[    0.000000] PERCPU: Embedded 31 pages/cpu @ffff88041f200000 s87128 r8192 d31656 u131072")
print("[    0.000000] pcpu-alloc: s87128 r8192 d31656 u131072 alloc=1*2097152")
print("[    0.000000] pcpu-alloc: [0] 00 01 02 03 04 05 06 07 08 09 10 11 12 13 14 15 ")
print("[    0.000000] pcpu-alloc: [0] 16 17 18 19 20 21 22 23 -- -- -- -- -- -- -- -- ")
print("[    0.000000] Built 1 zonelists in Node order, mobility grouping on.  Total pages: 4128528")
print("[    0.000000] Policy zone: Normal")
print("[    0.000000] Kernel command line: BOOT_IMAGE=../vmlinuz-linux-mainline root=/dev/sda1 rw quiet discard radeon.audio=1 initrd=../initramfs-linux-mainline.img")
print("[    0.000000] PID hash table entries: 4096 (order: 3, 32768 bytes)")
print("[    0.000000] AGP: Checking aperture...")
print("[    0.000000] AGP: No AGP bridge found")
print("[    0.000000] AGP: Node 0: aperture [bus addr 0x00000000-0x01ffffff] (32MB)")
print("[    0.000000] AGP: Your BIOS doesn't leave a aperture memory hole")
print("[    0.000000] AGP: Please enable the IOMMU option in the BIOS setup")
print("[    0.000000] AGP: This costs you 64MB of RAM")
print("[    0.000000] AGP: Mapping aperture over RAM [mem 0xc4000000-0xc7ffffff] (65536KB)")
print("[    0.000000] PM: Registered nosave memory: [mem 0xc4000000-0xc7ffffff]")
print("[    0.000000] Memory: 16364360K/16776336K available (5559K kernel code, 892K rwdata, 1780K rodata, 1168K init, 1156K bss, 411976K reserved, 0K cma-reserved)")
print("[    0.000000] SLUB: HWalign=64, Order=0-3, MinObjects=0, CPUs=24, Nodes=1")
print("[    0.000000] Preemptible hierarchical RCU implementation.")
print("[    0.000000] 	RCU dyntick-idle grace-period acceleration is enabled.")
print("[    0.000000] 	RCU restricting CPUs from NR_CPUS=128 to nr_cpu_ids=24.")
print("[    0.000000] RCU: Adjusting geometry for rcu_fanout_leaf=16, nr_cpu_ids=24")
print("[    0.000000] NR_IRQS:8448 nr_irqs:616 16")
print("[    0.000000] Console: colour VGA+ 80x25")
print("[    0.000000] console [tty0] enabled")
print("[    0.000000] hpet clockevent registered")
print("[    0.000000] tsc: Fast TSC calibration using PIT")
print("[    0.000000] tsc: Detected 2800.057 MHz processor")
print("[    0.000030] Calibrating delay loop (skipped), value calculated using timer frequency.. 5602.45 BogoMIPS (lpj=9333523)")
print("[    0.000032] pid_max: default: 32768 minimum: 301")
print("[    0.000039] ACPI: Core revision 20150204")
print("[    0.002872] ACPI: All ACPI Tables successfully acquired")
print("[    0.005448] Security Framework initialized")
print("[    0.005455] Yama: becoming mindful.")
print("[    0.006704] Dentry cache hash table entries: 2097152 (order: 12, 16777216 bytes)")
print("[    0.011458] Inode-cache hash table entries: 1048576 (order: 11, 8388608 bytes)")
print("[    0.013616] Mount-cache hash table entries: 32768 (order: 6, 262144 bytes)")
print("[    0.013638] Mountpoint-cache hash table entries: 32768 (order: 6, 262144 bytes)")
print("[    0.013961] Initializing cgroup subsys blkio")
print("[    0.013965] Initializing cgroup subsys memory")
print("[    0.013975] Initializing cgroup subsys devices")
print("[    0.013977] Initializing cgroup subsys freezer")
print("[    0.013980] Initializing cgroup subsys net_cls")
print("[    0.014016] CPU: Physical Processor ID: 0")
print("[    0.014017] CPU: Processor Core ID: 0")
print("[    0.014018] mce: CPU supports 6 MCE banks")
print("[    0.014024] LVT offset 0 assigned for vector 0xf9")
print("[    0.014027] process: using AMD E400 aware idle routine")
print("[    0.014029] Last level iTLB entries: 4KB 512, 2MB 16, 4MB 8")
print("[    0.014030] Last level dTLB entries: 4KB 512, 2MB 128, 4MB 64, 1GB 0")
print("[    0.014109] Freeing SMP alternatives memory: 20K (ffffffff81a05000 - ffffffff81a0a000)")
print("[    0.014706] ftrace: allocating 21281 entries in 84 pages")
print("[    0.022830] Switched APIC routing to physical flat.")
print("[    0.023160] ..TIMER: vector=0x30 apic1=0 pin1=2 apic2=-1 pin2=-1")
print("[    0.160789] smpboot: CPU0: AMD Phenom(tm) II X6 1055T Processor (fam: 10, model: 0a, stepping: 00)")
print("[    0.160814] Performance Events: AMD PMU driver.")
print("[    0.160818] ... version:                0")
print("[    0.160819] ... bit width:              48")
print("[    0.160820] ... generic registers:      4")
print("[    0.160821] ... value mask:             0000ffffffffffff")
print("[    0.160822] ... max period:             00007fffffffffff")
print("[    0.160822] ... fixed-purpose events:   0")
print("[    0.160823] ... event mask:             000000000000000f")
print("[    0.160868] process: System has AMD C1E enabled")
print("[    0.160875] process: Switch to broadcast mode on CPU0")
print("[    0.177707] NMI watchdog: enabled on all CPUs, permanently consumes one hw-PMU counter.")
print("[    0.184323] x86: Booting SMP configuration:")
print("[    0.184326] .... node  #0, CPUs:        #1")
print("[    0.197518] process: Switch to broadcast mode on CPU1")
print("[    0.197624]   #2")
print("[    0.210813] process: Switch to broadcast mode on CPU2")
print("[    0.214367]   #3")
print("[    0.227553] process: Switch to broadcast mode on CPU3")
print("[    0.227655]   #4")
print("[    0.240844] process: Switch to broadcast mode on CPU4")
print("[    0.244399]   #5")
print("[    0.257542] x86: Booted up 1 node, 6 CPUs")
print("[    0.257545] smpboot: Total of 6 processors activated (33614.71 BogoMIPS)")
print("[    0.257604] process: Switch to broadcast mode on CPU5")
print("[    0.264630] devtmpfs: initialized")
print("[    0.269678] PM: Registering ACPI NVS region [mem 0xcff9e000-0xcffdffff] (270336 bytes)")
print("[    0.269883] pinctrl core: initialized pinctrl subsystem")
print("[    0.269919] RTC time:  9:51:53, date: 04/08/15")
print("[    0.270037] NET: Registered protocol family 16")
print("[    0.294357] cpuidle: using governor ladder")
print("[    0.314378] cpuidle: using governor menu")
print("[    0.314392] node 0 link 0: io port [1000, ffffff]")
print("[    0.314395] TOM: 00000000d0000000 aka 3328M")
print("[    0.314397] Fam 10h mmconf [mem 0xe0000000-0xefffffff]")
print("[    0.314400] node 0 link 0: mmio [e0000000, efffffff] ==> none")
print("[    0.314402] node 0 link 0: mmio [f0000000, ffffffff]")
print("[    0.314403] node 0 link 0: mmio [a0000, bffff]")
print("[    0.314405] node 0 link 0: mmio [d0000000, dfffffff]")
print("[    0.314406] TOM2: 0000000430000000 aka 17152M")
print("[    0.314408] bus: [bus 00-1f] on node 0 link 0")
print("[    0.314409] bus: 00 [io  0x0000-0xffff]")
print("[    0.314410] bus: 00 [mem 0xf0000000-0xffffffff]")
print("[    0.314411] bus: 00 [mem 0x000a0000-0x000bffff]")
print("[    0.314412] bus: 00 [mem 0xd0000000-0xdfffffff]")
print("[    0.314413] bus: 00 [mem 0x430000000-0xfcffffffff]")
print("[    0.314473] ACPI: bus type PCI registered")
print("[    0.314475] acpiphp: ACPI Hot Plug PCI Controller Driver version: 0.5")
print("[    0.314560] PCI: MMCONFIG for domain 0000 [bus 00-ff] at [mem 0xe0000000-0xefffffff] (base 0xe0000000)")
print("[    0.314562] PCI: not using MMCONFIG")
print("[    0.314563] PCI: Using configuration type 1 for base access")
print("[    0.314564] PCI: Using configuration type 1 for extended access")
print("[    0.328201] ACPI: Added _OSI(Module Device)")
print("[    0.328204] ACPI: Added _OSI(Processor Device)")
print("[    0.328205] ACPI: Added _OSI(3.0 _SCP Extensions)")
print("[    0.328206] ACPI: Added _OSI(Processor Aggregator Device)")
print("[    0.329515] ACPI: Executed 3 blocks of module-level executable AML code")
print("[    0.331314] ACPI: Interpreter enabled")
print("[    0.331323] ACPI Exception: AE_NOT_FOUND, While evaluating Sleep State [\_S2_] (20150204/hwxface-580)")
print("[    0.331327] ACPI Exception: AE_NOT_FOUND, While evaluating Sleep State [\_S3_] (20150204/hwxface-580)")
print("[    0.331336] ACPI: (supports S0 S1 S4 S5)")
print("[    0.331337] ACPI: Using IOAPIC for interrupt routing")
print("[    0.331359] PCI: MMCONFIG for domain 0000 [bus 00-ff] at [mem 0xe0000000-0xefffffff] (base 0xe0000000)")
print("[    0.331861] PCI: MMCONFIG at [mem 0xe0000000-0xefffffff] reserved in ACPI motherboard resources")
print("[    0.332262] PCI: Using host bridge windows from ACPI; if necessary, use ""pci=nocrs"" and report a bug")
print("[    0.336813] ACPI: PCI Root Bridge [PCI0] (domain 0000 [bus 00-ff])")
print("[    0.336819] acpi PNP0A03:00: _OSC: OS supports [ExtendedConfig ASPM ClockPM Segments MSI]")
print("[    0.336823] acpi PNP0A03:00: _OSC failed (AE_NOT_FOUND); disabling ASPM")
print("[    0.337045] PCI host bridge to bus 0000:00")
print("[    0.337048] pci_bus 0000:00: root bus resource [bus 00-ff]")
print("[    0.337050] pci_bus 0000:00: root bus resource [io  0x0cf8-0x0cff]")
print("[    0.337052] pci_bus 0000:00: root bus resource [io  0x0000-0x0cf7 window]")
print("[    0.337054] pci_bus 0000:00: root bus resource [io  0x0d00-0xffff window]")
print("[    0.337056] pci_bus 0000:00: root bus resource [mem 0x000a0000-0x000bffff window]")
print("[    0.337057] pci_bus 0000:00: root bus resource [mem 0x000d0000-0x000dffff window]")
print("[    0.337059] pci_bus 0000:00: root bus resource [mem 0xd0000000-0xdfffffff window]")
print("[    0.337061] pci_bus 0000:00: root bus resource [mem 0xf0000000-0xfebfffff window]")
print("[    0.337070] pci 0000:00:00.0: [1002:5957] type 00 class 0x060000")
print("[    0.337080] pci 0000:00:00.0: [Firmware Bug]: reg 0x1c: invalid BAR (can't size)")
print("[    0.337168] pci 0000:00:02.0: [1002:5978] type 01 class 0x060400")
print("[    0.337204] pci 0000:00:02.0: PME# supported from D0 D3hot D3cold")
print("[    0.337240] pci 0000:00:02.0: System wakeup disabled by ACPI")
print("[    0.337282] pci 0000:00:0a.0: [1002:597f] type 01 class 0x060400")
print("[    0.337314] pci 0000:00:0a.0: PME# supported from D0 D3hot D3cold")
print("[    0.337350] pci 0000:00:0a.0: System wakeup disabled by ACPI")
print("[    0.337399] pci 0000:00:11.0: [1002:4391] type 00 class 0x010601")
print("[    0.337418] pci 0000:00:11.0: reg 0x10: [io  0xc000-0xc007]")
print("[    0.337427] pci 0000:00:11.0: reg 0x14: [io  0xb000-0xb003]")
print("[    0.337435] pci 0000:00:11.0: reg 0x18: [io  0xa000-0xa007]")
print("[    0.337444] pci 0000:00:11.0: reg 0x1c: [io  0x9000-0x9003]")
print("[    0.337452] pci 0000:00:11.0: reg 0x20: [io  0x8000-0x800f]")
print("[    0.337460] pci 0000:00:11.0: reg 0x24: [mem 0xfe6ffc00-0xfe6fffff]")
print("[    0.337571] pci 0000:00:12.0: [1002:4397] type 00 class 0x0c0310")
print("[    0.337583] pci 0000:00:12.0: reg 0x10: [mem 0xfe6fe000-0xfe6fefff]")
print("[    0.337664] pci 0000:00:12.0: System wakeup disabled by ACPI")
print("[    0.337725] pci 0000:00:12.2: [1002:4396] type 00 class 0x0c0320")
print("[    0.337742] pci 0000:00:12.2: reg 0x10: [mem 0xfe6ff800-0xfe6ff8ff]")
print("[    0.337816] pci 0000:00:12.2: supports D1 D2")
print("[    0.337817] pci 0000:00:12.2: PME# supported from D0 D1 D2 D3hot")
print("[    0.337855] pci 0000:00:12.2: System wakeup disabled by ACPI")
print("[    0.337894] pci 0000:00:13.0: [1002:4397] type 00 class 0x0c0310")
print("[    0.337906] pci 0000:00:13.0: reg 0x10: [mem 0xfe6fd000-0xfe6fdfff]")
print("[    0.337987] pci 0000:00:13.0: System wakeup disabled by ACPI")
print("[    0.338029] pci 0000:00:13.2: [1002:4396] type 00 class 0x0c0320")
print("[    0.338046] pci 0000:00:13.2: reg 0x10: [mem 0xfe6ff400-0xfe6ff4ff]")
print("[    0.338120] pci 0000:00:13.2: supports D1 D2")
print("[    0.338121] pci 0000:00:13.2: PME# supported from D0 D1 D2 D3hot")
print("[    0.338159] pci 0000:00:13.2: System wakeup disabled by ACPI")
print("[    0.338198] pci 0000:00:14.0: [1002:4385] type 00 class 0x0c0500")
print("[    0.338316] pci 0000:00:14.2: [1002:4383] type 00 class 0x040300")
print("[    0.338336] pci 0000:00:14.2: reg 0x10: [mem 0xfe6f4000-0xfe6f7fff 64bit]")
print("[    0.338395] pci 0000:00:14.2: PME# supported from D0 D3hot D3cold")
print("[    0.338430] pci 0000:00:14.2: System wakeup disabled by ACPI")
print("[    0.338466] pci 0000:00:14.3: [1002:439d] type 00 class 0x060100")
print("[    0.338582] pci 0000:00:14.4: [1002:4384] type 01 class 0x060401")
print("[    0.338645] pci 0000:00:14.4: System wakeup disabled by ACPI")
print("[    0.338680] pci 0000:00:14.5: [1002:4399] type 00 class 0x0c0310")
print("[    0.338692] pci 0000:00:14.5: reg 0x10: [mem 0xfe6fc000-0xfe6fcfff]")
print("[    0.338772] pci 0000:00:14.5: System wakeup disabled by ACPI")
print("[    0.338813] pci 0000:00:15.0: [1002:43a0] type 01 class 0x060400")
print("[    0.338880] pci 0000:00:15.0: supports D1 D2")
print("[    0.338920] pci 0000:00:15.0: System wakeup disabled by ACPI")
print("[    0.338958] pci 0000:00:15.1: [1002:43a1] type 01 class 0x060400")
print("[    0.339030] pci 0000:00:15.1: supports D1 D2")
print("[    0.339070] pci 0000:00:15.1: System wakeup disabled by ACPI")
print("[    0.339109] pci 0000:00:16.0: [1002:4397] type 00 class 0x0c0310")
print("[    0.339121] pci 0000:00:16.0: reg 0x10: [mem 0xfe6f3000-0xfe6f3fff]")
print("[    0.339200] pci 0000:00:16.0: System wakeup disabled by ACPI")
print("[    0.339240] pci 0000:00:16.2: [1002:4396] type 00 class 0x0c0320")
print("[    0.339256] pci 0000:00:16.2: reg 0x10: [mem 0xfe6ff000-0xfe6ff0ff]")
print("[    0.339330] pci 0000:00:16.2: supports D1 D2")
print("[    0.339332] pci 0000:00:16.2: PME# supported from D0 D1 D2 D3hot")
print("[    0.339368] pci 0000:00:16.2: System wakeup disabled by ACPI")
print("[    0.339406] pci 0000:00:18.0: [1022:1200] type 00 class 0x060000")
print("[    0.339468] pci 0000:00:18.1: [1022:1201] type 00 class 0x060000")
print("[    0.339527] pci 0000:00:18.2: [1022:1202] type 00 class 0x060000")
print("[    0.339587] pci 0000:00:18.3: [1022:1203] type 00 class 0x060000")
print("[    0.339648] pci 0000:00:18.4: [1022:1204] type 00 class 0x060000")
print("[    0.339756] pci 0000:01:00.0: [1002:679a] type 00 class 0x030000")
print("[    0.339772] pci 0000:01:00.0: reg 0x10: [mem 0xd0000000-0xdfffffff 64bit pref]")
print("[    0.339782] pci 0000:01:00.0: reg 0x18: [mem 0xfe7c0000-0xfe7fffff 64bit]")
print("[    0.339790] pci 0000:01:00.0: reg 0x20: [io  0xd000-0xd0ff]")
print("[    0.339802] pci 0000:01:00.0: reg 0x30: [mem 0xfe7a0000-0xfe7bffff pref]")
print("[    0.339858] pci 0000:01:00.0: supports D1 D2")
print("[    0.339859] pci 0000:01:00.0: PME# supported from D1 D2 D3hot")
print("[    0.339916] pci 0000:01:00.1: [1002:aaa0] type 00 class 0x040300")
print("[    0.339930] pci 0000:01:00.1: reg 0x10: [mem 0xfe79c000-0xfe79ffff 64bit]")
print("[    0.340004] pci 0000:01:00.1: supports D1 D2")
print("[    0.344400] pci 0000:00:02.0: PCI bridge to [bus 01]")
print("[    0.344405] pci 0000:00:02.0:   bridge window [io  0xd000-0xdfff]")
print("[    0.344408] pci 0000:00:02.0:   bridge window [mem 0xfe700000-0xfe7fffff]")
print("[    0.344411] pci 0000:00:02.0:   bridge window [mem 0xd0000000-0xdfffffff 64bit pref]")
print("[    0.344469] pci 0000:02:00.0: [1033:0194] type 00 class 0x0c0330")
print("[    0.344485] pci 0000:02:00.0: reg 0x10: [mem 0xfe8fe000-0xfe8fffff 64bit]")
print("[    0.344564] pci 0000:02:00.0: PME# supported from D0 D3hot D3cold")
print("[    0.351071] pci 0000:00:0a.0: PCI bridge to [bus 02]")
print("[    0.351076] pci 0000:00:0a.0:   bridge window [mem 0xfe800000-0xfe8fffff]")
print("[    0.351157] pci 0000:00:14.4: PCI bridge to [bus 03] (subtractive decode)")
print("[    0.351165] pci 0000:00:14.4:   bridge window [io  0x0cf8-0x0cff] (subtractive decode)")
print("[    0.351167] pci 0000:00:14.4:   bridge window [io  0x0000-0x0cf7 window] (subtractive decode)")
print("[    0.351168] pci 0000:00:14.4:   bridge window [io  0x0d00-0xffff window] (subtractive decode)")
print("[    0.351170] pci 0000:00:14.4:   bridge window [mem 0x000a0000-0x000bffff window] (subtractive decode)")
print("[    0.351172] pci 0000:00:14.4:   bridge window [mem 0x000d0000-0x000dffff window] (subtractive decode)")
print("[    0.351174] pci 0000:00:14.4:   bridge window [mem 0xd0000000-0xdfffffff window] (subtractive decode)")
print("[    0.351175] pci 0000:00:14.4:   bridge window [mem 0xf0000000-0xfebfffff window] (subtractive decode)")
print("[    0.351247] pci 0000:00:15.0: PCI bridge to [bus 04]")
print("[    0.351331] pci 0000:05:00.0: [10ec:8168] type 00 class 0x020000")
print("[    0.351352] pci 0000:05:00.0: reg 0x10: [io  0xe800-0xe8ff]")
print("[    0.351381] pci 0000:05:00.0: reg 0x18: [mem 0xfdfff000-0xfdffffff 64bit pref]")
print("[    0.351399] pci 0000:05:00.0: reg 0x20: [mem 0xfdff8000-0xfdffbfff 64bit pref]")
print("[    0.351411] pci 0000:05:00.0: reg 0x30: [mem 0xfe9e0000-0xfe9fffff pref]")
print("[    0.351498] pci 0000:05:00.0: supports D1 D2")
print("[    0.351500] pci 0000:05:00.0: PME# supported from D0 D1 D2 D3hot D3cold")
print("[    0.357747] pci 0000:00:15.1: PCI bridge to [bus 05]")
print("[    0.357754] pci 0000:00:15.1:   bridge window [io  0xe000-0xefff]")
print("[    0.357757] pci 0000:00:15.1:   bridge window [mem 0xfe900000-0xfe9fffff]")
print("[    0.357762] pci 0000:00:15.1:   bridge window [mem 0xfdf00000-0xfdffffff 64bit pref]")
print("[    0.357793] pci_bus 0000:00: on NUMA node 0")
print("[    0.358207] ACPI: PCI Interrupt Link [LNKA] (IRQs 4 7 *10 11 14 15)")
print("[    0.358260] ACPI: PCI Interrupt Link [LNKB] (IRQs 4 *7 10 11 14 15)")
print("[    0.358314] ACPI: PCI Interrupt Link [LNKC] (IRQs 4 7 *10 11 14 15)")
print("[    0.358369] ACPI: PCI Interrupt Link [LNKD] (IRQs 4 7 10 *11 14 15)")
print("[    0.358412] ACPI: PCI Interrupt Link [LNKE] (IRQs 4 7 10 11 14 15) *0")
print("[    0.358448] ACPI: PCI Interrupt Link [LNKF] (IRQs 4 7 10 11 14 15) *0")
print("[    0.358482] ACPI: PCI Interrupt Link [LNKG] (IRQs 4 7 10 11 14 15) *0")
print("[    0.358517] ACPI: PCI Interrupt Link [LNKH] (IRQs 4 7 10 11 14 15) *0")
print("[    0.358661] vgaarb: setting as boot device: PCI:0000:01:00.0")
print("[    0.358663] vgaarb: device added: PCI:0000:01:00.0,decodes=io+mem,owns=io+mem,locks=none")
print("[    0.358665] vgaarb: loaded")
print("[    0.358666] vgaarb: bridge control possible 0000:01:00.0")
print("[    0.358763] PCI: Using ACPI for IRQ routing")
print("[    0.366229] PCI: pci_cache_line_size set to 64 bytes")
print("[    0.366281] e820: reserve RAM buffer [mem 0x00095000-0x0009ffff]")
print("[    0.366283] e820: reserve RAM buffer [mem 0xcff90000-0xcfffffff]")
print("[    0.366401] NetLabel: Initializing")
print("[    0.366402] NetLabel:  domain hash size = 128")
print("[    0.366403] NetLabel:  protocols = UNLABELED CIPSOv4")
print("[    0.366415] NetLabel:  unlabeled traffic allowed by default")
print("[    0.366453] hpet0: at MMIO 0xfed00000, IRQs 2, 8, 0")
print("[    0.366456] hpet0: 3 comparators, 32-bit 14.318180 MHz counter")
print("[    0.368533] Switched to clocksource hpet")
print("[    0.373237] pnp: PnP ACPI init")
print("[    0.373334] pnp 00:00: Plug and Play ACPI device, IDs PNP0b00 (active)")
print("[    0.373507] pnp 00:01: [dma 0 disabled]")
print("[    0.373551] pnp 00:01: Plug and Play ACPI device, IDs PNP0501 (active)")
print("[    0.373715] system 00:02: [mem 0xfec00000-0xfec00fff] could not be reserved")
print("[    0.373718] system 00:02: [mem 0xfee00000-0xfee00fff] has been reserved")
print("[    0.373721] system 00:02: Plug and Play ACPI device, IDs PNP0c02 (active)")
print("[    0.373874] system 00:03: [io  0x04d0-0x04d1] has been reserved")
print("[    0.373876] system 00:03: [io  0x040b] has been reserved")
print("[    0.373878] system 00:03: [io  0x04d6] has been reserved")
print("[    0.373880] system 00:03: [io  0x0c00-0x0c01] has been reserved")
print("[    0.373883] system 00:03: [io  0x0c14] has been reserved")
print("[    0.373885] system 00:03: [io  0x0c50-0x0c51] has been reserved")
print("[    0.373887] system 00:03: [io  0x0c52] has been reserved")
print("[    0.373889] system 00:03: [io  0x0c6c] has been reserved")
print("[    0.373891] system 00:03: [io  0x0c6f] has been reserved")
print("[    0.373892] system 00:03: [io  0x0cd0-0x0cd1] has been reserved")
print("[    0.373894] system 00:03: [io  0x0cd2-0x0cd3] has been reserved")
print("[    0.373896] system 00:03: [io  0x0cd4-0x0cd5] has been reserved")
print("[    0.373898] system 00:03: [io  0x0cd6-0x0cd7] has been reserved")
print("[    0.373900] system 00:03: [io  0x0cd8-0x0cdf] has been reserved")
print("[    0.373902] system 00:03: [io  0x0800-0x089f] could not be reserved")
print("[    0.373904] system 00:03: [io  0x0b00-0x0b1f] has been reserved")
print("[    0.373906] system 00:03: [io  0x0b20-0x0b3f] has been reserved")
print("[    0.373907] system 00:03: [io  0x0900-0x090f] has been reserved")
print("[    0.373909] system 00:03: [io  0x0910-0x091f] has been reserved")
print("[    0.373911] system 00:03: [io  0xfe00-0xfefe] has been reserved")
print("[    0.373914] system 00:03: [mem 0xffb80000-0xffbfffff] has been reserved")
print("[    0.373916] system 00:03: [mem 0xfec10000-0xfec1001f] has been reserved")
print("[    0.373918] system 00:03: [mem 0xfed80000-0xfed80fff] has been reserved")
print("[    0.373920] system 00:03: Plug and Play ACPI device, IDs PNP0c02 (active)")
print("[    0.374032] system 00:04: [io  0x0600-0x06df] has been reserved")
print("[    0.374034] system 00:04: [io  0x0ae0-0x0aef] has been reserved")
print("[    0.374037] system 00:04: Plug and Play ACPI device, IDs PNP0c02 (active)")
print("[    0.374094] system 00:05: [mem 0xe0000000-0xefffffff] has been reserved")
print("[    0.374096] system 00:05: Plug and Play ACPI device, IDs PNP0c02 (active)")
print("[    0.374200] system 00:06: [mem 0x00000000-0x0009ffff] could not be reserved")
print("[    0.374202] system 00:06: [mem 0x000c0000-0x000cffff] could not be reserved")
print("[    0.374204] system 00:06: [mem 0x000e0000-0x000fffff] could not be reserved")
print("[    0.374206] system 00:06: [mem 0x00100000-0xcfffffff] could not be reserved")
print("[    0.374208] system 00:06: [mem 0xfec00000-0xffffffff] could not be reserved")
print("[    0.374210] system 00:06: Plug and Play ACPI device, IDs PNP0c01 (active)")
print("[    0.374281] pnp: PnP ACPI: found 7 devices")
print("[    0.381380] pci 0000:00:02.0: PCI bridge to [bus 01]")
print("[    0.381384] pci 0000:00:02.0:   bridge window [io  0xd000-0xdfff]")
print("[    0.381387] pci 0000:00:02.0:   bridge window [mem 0xfe700000-0xfe7fffff]")
print("[    0.381390] pci 0000:00:02.0:   bridge window [mem 0xd0000000-0xdfffffff 64bit pref]")
print("[    0.381393] pci 0000:00:0a.0: PCI bridge to [bus 02]")
print("[    0.381395] pci 0000:00:0a.0:   bridge window [mem 0xfe800000-0xfe8fffff]")
print("[    0.381399] pci 0000:00:14.4: PCI bridge to [bus 03]")
print("[    0.381409] pci 0000:00:15.0: PCI bridge to [bus 04]")
print("[    0.381418] pci 0000:00:15.1: PCI bridge to [bus 05]")
print("[    0.381420] pci 0000:00:15.1:   bridge window [io  0xe000-0xefff]")
print("[    0.381424] pci 0000:00:15.1:   bridge window [mem 0xfe900000-0xfe9fffff]")
print("[    0.381427] pci 0000:00:15.1:   bridge window [mem 0xfdf00000-0xfdffffff 64bit pref]")
print("[    0.381433] pci_bus 0000:00: resource 4 [io  0x0cf8-0x0cff]")
print("[    0.381434] pci_bus 0000:00: resource 5 [io  0x0000-0x0cf7 window]")
print("[    0.381436] pci_bus 0000:00: resource 6 [io  0x0d00-0xffff window]")
print("[    0.381438] pci_bus 0000:00: resource 7 [mem 0x000a0000-0x000bffff window]")
print("[    0.381440] pci_bus 0000:00: resource 8 [mem 0x000d0000-0x000dffff window]")
print("[    0.381441] pci_bus 0000:00: resource 9 [mem 0xd0000000-0xdfffffff window]")
print("[    0.381443] pci_bus 0000:00: resource 10 [mem 0xf0000000-0xfebfffff window]")
print("[    0.381445] pci_bus 0000:01: resource 0 [io  0xd000-0xdfff]")
print("[    0.381446] pci_bus 0000:01: resource 1 [mem 0xfe700000-0xfe7fffff]")
print("[    0.381448] pci_bus 0000:01: resource 2 [mem 0xd0000000-0xdfffffff 64bit pref]")
print("[    0.381450] pci_bus 0000:02: resource 1 [mem 0xfe800000-0xfe8fffff]")
print("[    0.381451] pci_bus 0000:03: resource 4 [io  0x0cf8-0x0cff]")
print("[    0.381453] pci_bus 0000:03: resource 5 [io  0x0000-0x0cf7 window]")
print("[    0.381455] pci_bus 0000:03: resource 6 [io  0x0d00-0xffff window]")
print("[    0.381456] pci_bus 0000:03: resource 7 [mem 0x000a0000-0x000bffff window]")
print("[    0.381458] pci_bus 0000:03: resource 8 [mem 0x000d0000-0x000dffff window]")
print("[    0.381460] pci_bus 0000:03: resource 9 [mem 0xd0000000-0xdfffffff window]")
print("[    0.381461] pci_bus 0000:03: resource 10 [mem 0xf0000000-0xfebfffff window]")
print("[    0.381463] pci_bus 0000:05: resource 0 [io  0xe000-0xefff]")
print("[    0.381465] pci_bus 0000:05: resource 1 [mem 0xfe900000-0xfe9fffff]")
print("[    0.381466] pci_bus 0000:05: resource 2 [mem 0xfdf00000-0xfdffffff 64bit pref]")
print("[    0.381499] NET: Registered protocol family 2")
print("[    0.381792] TCP established hash table entries: 131072 (order: 8, 1048576 bytes)")
print("[    0.382165] TCP bind hash table entries: 65536 (order: 8, 1048576 bytes)")
print("[    0.382449] TCP: Hash tables configured (established 131072 bind 65536)")
print("[    0.382488] TCP: reno registered")
print("[    0.382511] UDP hash table entries: 8192 (order: 6, 262144 bytes)")
print("[    0.382613] UDP-Lite hash table entries: 8192 (order: 6, 262144 bytes)")
print("[    0.382768] NET: Registered protocol family 1")
print("[    1.456183] pci 0000:01:00.0: Video device with shadowed ROM")
print("[    1.456294] PCI: CLS 64 bytes, default 64")
print("[    1.456342] Unpacking initramfs...")
print("[    1.514226] Freeing initrd memory: 3444K (ffff88007fca3000 - ffff880080000000)")
print("[    1.514235] PCI-DMA: Disabling AGP.")
print("[    1.514343] PCI-DMA: aperture base @ c4000000 size 65536 KB")
print("[    1.514344] PCI-DMA: using GART IOMMU.")
print("[    1.514348] PCI-DMA: Reserving 64MB of IOMMU area in the AGP aperture")
print("[    1.518178] microcode: CPU0: patch_level=0x010000bf")
print("[    1.518190] microcode: CPU1: patch_level=0x010000bf")
print("[    1.518201] microcode: CPU2: patch_level=0x010000bf")
print("[    1.518213] microcode: CPU3: patch_level=0x010000bf")
print("[    1.518223] microcode: CPU4: patch_level=0x010000bf")
print("[    1.518235] microcode: CPU5: patch_level=0x010000bf")
print("[    1.518309] microcode: Microcode Update Driver: v2.00 <tigran@aivazian.fsnet.co.uk>, Peter Oruba")
print("[    1.518312] LVT offset 1 assigned for vector 0x400")
print("[    1.518319] IBS: LVT offset 1 assigned")
print("[    1.518349] perf: AMD IBS detected (0x0000001f)")
print("[    1.518371] Scanning for low memory corruption every 60 seconds")
print("[    1.518880] futex hash table entries: 8192 (order: 7, 524288 bytes)")
print("[    1.518965] Initialise system trusted keyring")
print("[    1.519293] HugeTLB registered 2 MB page size, pre-allocated 0 pages")
print("[    1.520682] zpool: loaded")
print("[    1.520684] zbud: loaded")
print("[    1.520880] VFS: Disk quotas dquot_6.5.2")
print("[    1.520919] VFS: Dquot-cache hash table entries: 512 (order 0, 4096 bytes)")
print("[    1.521097] Key type big_key registered")
print("[    1.521337] Block layer SCSI generic (bsg) driver version 0.4 loaded (major 252)")
print("[    1.521415] io scheduler noop registered")
print("[    1.521418] io scheduler deadline registered")
print("[    1.521451] io scheduler cfq registered (default)")
print("[    1.521953] pci_hotplug: PCI Hot Plug PCI Core version: 0.5")
print("[    1.521969] pciehp: PCI Express Hot Plug Controller Driver version: 0.4")
print("[    1.522015] GHES: HEST is not enabled!")
print("[    1.522099] Serial: 8250/16550 driver, 4 ports, IRQ sharing disabled")
print("[    1.542694] 00:01: ttyS0 at I/O 0x3f8 (irq = 4, base_baud = 115200) is a 16550A")
print("[    1.543093] Linux agpgart interface v0.103")
print("[    1.543151] rtc_cmos 00:00: RTC can wake from S4")
print("[    1.543262] rtc_cmos 00:00: rtc core: registered rtc_cmos as rtc0")
print("[    1.543288] rtc_cmos 00:00: alarms up to one month, y3k, 114 bytes nvram, hpet irqs")
print("[    1.543310] ledtrig-cpu: registered to indicate activity on CPUs")
print("[    1.543597] TCP: cubic registered")
print("[    1.543694] NET: Registered protocol family 10")
print("[    1.543934] NET: Registered protocol family 17")
print("[    1.544345] Loading compiled-in X.509 certificates")
print("[    1.544355] registered taskstats version 1")
print("[    1.544787]   Magic number: 11:878:878")
print("[    1.544887] rtc_cmos 00:00: setting system clock to 2015-04-08 09:51:54 UTC (1428486714)")
print("[    1.544934] PM: Hibernation image not present or could not be loaded.")
print("[    1.545309] Freeing unused kernel memory: 1168K (ffffffff818e1000 - ffffffff81a05000)")
print("[    1.545311] Write protecting the kernel read-only data: 8192k")
print("[    1.545605] Freeing unused kernel memory: 572K (ffff880001571000 - ffff880001600000)")
print("[    1.545722] Freeing unused kernel memory: 268K (ffff8800017bd000 - ffff880001800000)")
print("[    1.552202] random: systemd-tmpfile urandom read with 3 bits of entropy available")
print("[    1.566695] i8042: PNP: No PS/2 controller found. Probing ports directly.")
print("[    1.567125] serio: i8042 KBD port at 0x60,0x64 irq 1")
print("[    1.567134] serio: i8042 AUX port at 0x60,0x64 irq 12")
print("[    1.569824] ACPI: bus type USB registered")
print("[    1.569855] usbcore: registered new interface driver usbfs")
print("[    1.569874] usbcore: registered new interface driver hub")
print("[    1.569893] SCSI subsystem initialized")
print("[    1.569935] usbcore: registered new device driver usb")
print("[    1.570470] ehci_hcd: USB 2.0 'Enhanced' Host Controller (EHCI) Driver")
print("[    1.570900] ohci_hcd: USB 1.1 'Open' Host Controller (OHCI) Driver")
print("[    1.571021] ehci-pci: EHCI PCI platform driver")
print("[    1.571123] ohci-pci: OHCI PCI platform driver")
print("[    1.571152] QUIRK: Enable AMD PLL fix")
print("[    1.571180] ehci-pci 0000:00:12.2: EHCI Host Controller")
print("[    1.571189] ehci-pci 0000:00:12.2: new USB bus registered, assigned bus number 1")
print("[    1.571195] ehci-pci 0000:00:12.2: applying AMD SB700/SB800/Hudson-2/3 EHCI dummy qh workaround")
print("[    1.571208] ehci-pci 0000:00:12.2: debug port 1")
print("[    1.571250] ehci-pci 0000:00:12.2: irq 17, io mem 0xfe6ff800")
print("[    1.572902] libata version 3.00 loaded.")
print("[    1.579489] ehci-pci 0000:00:12.2: USB 2.0 started, EHCI 1.00")
print("[    1.579711] hub 1-0:1.0: USB hub found")
print("[    1.579718] hub 1-0:1.0: 5 ports detected")
print("[    1.579911] xhci_hcd 0000:02:00.0: xHCI Host Controller")
print("[    1.579923] xhci_hcd 0000:02:00.0: new USB bus registered, assigned bus number 2")
print("[    1.580054] xhci_hcd 0000:02:00.0: hcc params 0x014042cb hci version 0x96 quirks 0x00000004")
print("[    1.580370] hub 2-0:1.0: USB hub found")
print("[    1.580379] hub 2-0:1.0: 2 ports detected")
print("[    1.580489] xhci_hcd 0000:02:00.0: xHCI Host Controller")
print("[    1.580492] xhci_hcd 0000:02:00.0: new USB bus registered, assigned bus number 3")
print("[    1.580501] ehci-pci 0000:00:13.2: EHCI Host Controller")
print("[    1.580509] ehci-pci 0000:00:13.2: new USB bus registered, assigned bus number 4")
print("[    1.580513] ehci-pci 0000:00:13.2: applying AMD SB700/SB800/Hudson-2/3 EHCI dummy qh workaround")
print("[    1.580526] ehci-pci 0000:00:13.2: debug port 1")
print("[    1.580559] ehci-pci 0000:00:13.2: irq 17, io mem 0xfe6ff400")
print("[    1.583590] hub 3-0:1.0: USB hub found")
print("[    1.583605] hub 3-0:1.0: 2 ports detected")
print("[    1.589549] ehci-pci 0000:00:13.2: USB 2.0 started, EHCI 1.00")
print("[    1.589742] hub 4-0:1.0: USB hub found")
print("[    1.589749] hub 4-0:1.0: 5 ports detected")
print("[    1.589923] ehci-pci 0000:00:16.2: EHCI Host Controller")
print("[    1.589927] ehci-pci 0000:00:16.2: new USB bus registered, assigned bus number 5")
print("[    1.589930] ehci-pci 0000:00:16.2: applying AMD SB700/SB800/Hudson-2/3 EHCI dummy qh workaround")
print("[    1.589940] ehci-pci 0000:00:16.2: debug port 1")
print("[    1.589966] ehci-pci 0000:00:16.2: irq 17, io mem 0xfe6ff000")
print("[    1.599526] ehci-pci 0000:00:16.2: USB 2.0 started, EHCI 1.00")
print("[    1.599706] hub 5-0:1.0: USB hub found")
print("[    1.599712] hub 5-0:1.0: 4 ports detected")
print("[    1.599878] ohci-pci 0000:00:12.0: OHCI PCI host controller")
print("[    1.599888] ohci-pci 0000:00:12.0: new USB bus registered, assigned bus number 6")
print("[    1.599919] ohci-pci 0000:00:12.0: irq 18, io mem 0xfe6fe000")
print("[    1.657098] hub 6-0:1.0: USB hub found")
print("[    1.657108] hub 6-0:1.0: 5 ports detected")
print("[    1.657253] ohci-pci 0000:00:13.0: OHCI PCI host controller")
print("[    1.657257] ohci-pci 0000:00:13.0: new USB bus registered, assigned bus number 7")
print("[    1.657275] ohci-pci 0000:00:13.0: irq 18, io mem 0xfe6fd000")
print("[    1.713794] hub 7-0:1.0: USB hub found")
print("[    1.713804] hub 7-0:1.0: 5 ports detected")
print("[    1.713945] ohci-pci 0000:00:14.5: OHCI PCI host controller")
print("[    1.713950] ohci-pci 0000:00:14.5: new USB bus registered, assigned bus number 8")
print("[    1.713971] ohci-pci 0000:00:14.5: irq 18, io mem 0xfe6fc000")
print("[    1.770494] hub 8-0:1.0: USB hub found")
print("[    1.770502] hub 8-0:1.0: 2 ports detected")
print("[    1.770608] ohci-pci 0000:00:16.0: OHCI PCI host controller")
print("[    1.770613] ohci-pci 0000:00:16.0: new USB bus registered, assigned bus number 9")
print("[    1.770630] ohci-pci 0000:00:16.0: irq 18, io mem 0xfe6f3000")
print("[    1.827208] hub 9-0:1.0: USB hub found")
print("[    1.827216] hub 9-0:1.0: 4 ports detected")
print("[    1.827359] ahci 0000:00:11.0: version 3.0")
print("[    1.827634] ahci 0000:00:11.0: AHCI 0001.0200 32 slots 6 ports 6 Gbps 0x3f impl SATA mode")
print("[    1.827638] ahci 0000:00:11.0: flags: 64bit ncq sntf ilck pm led clo pmp pio slum part ")
print("[    1.828477] scsi host0: ahci")
print("[    1.828643] scsi host1: ahci")
print("[    1.828775] scsi host2: ahci")
print("[    1.828905] scsi host3: ahci")
print("[    1.829036] scsi host4: ahci")
print("[    1.829166] scsi host5: ahci")
print("[    1.829218] ata1: SATA max UDMA/133 abar m1024@0xfe6ffc00 port 0xfe6ffd00 irq 33")
print("[    1.829221] ata2: SATA max UDMA/133 abar m1024@0xfe6ffc00 port 0xfe6ffd80 irq 33")
print("[    1.829223] ata3: SATA max UDMA/133 abar m1024@0xfe6ffc00 port 0xfe6ffe00 irq 33")
print("[    1.829225] ata4: SATA max UDMA/133 abar m1024@0xfe6ffc00 port 0xfe6ffe80 irq 33")
print("[    1.829228] ata5: SATA max UDMA/133 abar m1024@0xfe6ffc00 port 0xfe6fff00 irq 33")
print("[    1.829230] ata6: SATA max UDMA/133 abar m1024@0xfe6ffc00 port 0xfe6fff80 irq 33")
print("[    1.896411] usb 4-3: new high-speed USB device number 2 using ehci-pci")
print("[    2.021268] hub 4-3:1.0: USB hub found")
print("[    2.021358] hub 4-3:1.0: 4 ports detected")
print("[    2.146626] ata5: SATA link down (SStatus 0 SControl 300)")
print("[    2.286783] usb 4-3.1: new full-speed USB device number 3 using ehci-pci")
print("[    2.313415] ata6: SATA link up 3.0 Gbps (SStatus 123 SControl 300)")
print("[    2.313439] ata2: SATA link up 6.0 Gbps (SStatus 133 SControl 300)")
print("[    2.313464] ata4: SATA link up 1.5 Gbps (SStatus 113 SControl 300)")
print("[    2.313490] ata3: SATA link up 6.0 Gbps (SStatus 133 SControl 300)")
print("[    2.313514] ata1: SATA link up 6.0 Gbps (SStatus 133 SControl 300)")
print("[    2.314226] ata6.00: ATA-8: Hitachi HDS721050CLA362, JP2OA3EA, max UDMA/133")
print("[    2.314229] ata6.00: 976773168 sectors, multi 0: LBA48 NCQ (depth 31/32), AA")
print("[    2.315074] ata4.00: ATAPI: Optiarc DVD RW AD-7280S, 1.01, max UDMA/100")
print("[    2.315141] ata6.00: configured for UDMA/133")
print("[    2.316905] ata4.00: configured for UDMA/100")
print("[    2.322536] ata2.00: ATA-8: WDC WD1002FAEX-00Z3A0, 05.01D05, max UDMA/133")
print("[    2.322539] ata2.00: 1953525168 sectors, multi 0: LBA48 NCQ (depth 31/32), AA")
print("[    2.324652] ata2.00: configured for UDMA/133")
print("[    2.325468] ata1.00: ATA-8: OCZ-AGILITY3, 2.22, max UDMA/133")
print("[    2.325470] ata1.00: 234441648 sectors, multi 16: LBA48 NCQ (depth 31/32), AA")
print("[    2.328097] ata3.00: ATA-8: KINGSTON SV300S37A120G, 527ABBF0, max UDMA/133")
print("[    2.328099] ata3.00: 234441648 sectors, multi 1: LBA48 NCQ (depth 31/32), AA")
print("[    2.335402] ata1.00: configured for UDMA/133")
print("[    2.335569] scsi 0:0:0:0: Direct-Access     ATA      OCZ-AGILITY3     2.22 PQ: 0 ANSI: 5")
print("[    2.335922] scsi 1:0:0:0: Direct-Access     ATA      WDC WD1002FAEX-0 1D05 PQ: 0 ANSI: 5")
print("[    2.340007] ata3.00: configured for UDMA/133")
print("[    2.340107] scsi 2:0:0:0: Direct-Access     ATA      KINGSTON SV300S3 BBF0 PQ: 0 ANSI: 5")
print("[    2.340857] scsi 3:0:0:0: CD-ROM            Optiarc  DVD RW AD-7280S  1.01 PQ: 0 ANSI: 5")
print("[    2.351162] scsi 5:0:0:0: Direct-Access     ATA      Hitachi HDS72105 A3EA PQ: 0 ANSI: 5")
print("[    2.352972] sd 0:0:0:0: [sda] 234441648 512-byte logical blocks: (120 GB/111 GiB)")
print("[    2.353010] sd 0:0:0:0: [sda] Write Protect is off")
print("[    2.353014] sd 0:0:0:0: [sda] Mode Sense: 00 3a 00 00")
print("[    2.353031] sd 0:0:0:0: [sda] Write cache: enabled, read cache: enabled, doesn't support DPO or FUA")
print("[    2.353156] sd 2:0:0:0: [sdc] 234441648 512-byte logical blocks: (120 GB/111 GiB)")
print("[    2.353157] sd 1:0:0:0: [sdb] 1953525168 512-byte logical blocks: (1.00 TB/931 GiB)")
print("[    2.353195] sd 1:0:0:0: [sdb] Write Protect is off")
print("[    2.353199] sd 1:0:0:0: [sdb] Mode Sense: 00 3a 00 00")
print("[    2.353219] sd 5:0:0:0: [sdd] 976773168 512-byte logical blocks: (500 GB/465 GiB)")
print("[    2.353220] sd 1:0:0:0: [sdb] Write cache: enabled, read cache: enabled, doesn't support DPO or FUA")
print("[    2.353263] sd 5:0:0:0: [sdd] Write Protect is off")
print("[    2.353266] sd 5:0:0:0: [sdd] Mode Sense: 00 3a 00 00")
print("[    2.353267] sd 2:0:0:0: [sdc] Write Protect is off")
print("[    2.353269] sd 2:0:0:0: [sdc] Mode Sense: 00 3a 00 00")
print("[    2.353283] sd 2:0:0:0: [sdc] Write cache: enabled, read cache: enabled, doesn't support DPO or FUA")
print("[    2.353286] sd 5:0:0:0: [sdd] Write cache: enabled, read cache: enabled, doesn't support DPO or FUA")
print("[    2.353733]  sdc: sdc1")
print("[    2.354005] sd 2:0:0:0: [sdc] Attached SCSI disk")
print("[    2.354277]  sda: sda1")
print("[    2.354490] sd 0:0:0:0: [sda] Attached SCSI disk")
print("[    2.361983]  sdd: sdd1")
print("[    2.362179] sd 5:0:0:0: [sdd] Attached SCSI disk")
print("[    2.365414] sr 3:0:0:0: [sr0] scsi3-mmc drive: 48x/48x writer dvd-ram cd/rw xa/form2 cdda tray")
print("[    2.365417] cdrom: Uniform CD-ROM driver Revision: 3.20")
print("[    2.365553] sr 3:0:0:0: Attached scsi CD-ROM sr0")
print("[    2.374968] hidraw: raw HID events driver (C) Jiri Kosina")
print("[    2.377800] usbcore: registered new interface driver usbhid")
print("[    2.377803] usbhid: USB HID core driver")
print("[    2.378377] input: Corsair Corsair K70R Gaming Keyboard as /devices/pci0000:00/0000:00:13.2/usb4/4-3/4-3.1/4-3.1:1.0/0003:1B1C:1B09.0001/input/input2")
print("[    2.384063]  sdb: sdb1")
print("[    2.384284] sd 1:0:0:0: [sdb] Attached SCSI disk")
print("[    2.430218] hid-generic 0003:1B1C:1B09.0001: input,hidraw0: USB HID v1.11 Keyboard [Corsair Corsair K70R Gaming Keyboard] on usb-0000:00:13.2-3.1/input0")
print("[    2.430773] input: Corsair Corsair K70R Gaming Keyboard as /devices/pci0000:00/0000:00:13.2/usb4/4-3/4-3.1/4-3.1:1.1/0003:1B1C:1B09.0002/input/input3")
print("[    2.440756] usb 4-3.3: new full-speed USB device number 4 using ehci-pci")
print("[    2.483602] hid-generic 0003:1B1C:1B09.0002: input,hidraw1: USB HID v1.11 Device [Corsair Corsair K70R Gaming Keyboard] on usb-0000:00:13.2-3.1/input1")
print("[    2.483964] input: Corsair Corsair K70R Gaming Keyboard as /devices/pci0000:00/0000:00:13.2/usb4/4-3/4-3.1/4-3.1:1.2/0003:1B1C:1B09.0003/input/input4")
print("[    2.520208] tsc: Refined TSC clocksource calibration: 2799.955 MHz")
print("[    2.536978] hid-generic 0003:1B1C:1B09.0003: input,hidraw2: USB HID v1.11 Keyboard [Corsair Corsair K70R Gaming Keyboard] on usb-0000:00:13.2-3.1/input2")
print("[    2.651036] input: Saitek Cyborg R.A.T.5 Mouse as /devices/pci0000:00/0000:00:13.2/usb4/4-3/4-3.3/4-3.3:1.0/0003:06A3:0CC3.0004/input/input5")
print("[    2.651105] hid-generic 0003:06A3:0CC3.0004: input,hidraw3: USB HID v1.11 Mouse [Saitek Cyborg R.A.T.5 Mouse] on usb-0000:00:13.2-3.3/input0")
print("[    2.717180] usb 4-3.4: new high-speed USB device number 5 using ehci-pci")
print("[    2.801635] hub 4-3.4:1.0: USB hub found")
print("[    2.801727] hub 4-3.4:1.0: 4 ports detected")
print("[    3.067526] usb 4-3.4.2: new full-speed USB device number 6 using ehci-pci")
print("[    3.171173] input: Plantronics Plantronics GameCom 780 as /devices/pci0000:00/0000:00:13.2/usb4/4-3/4-3.4/4-3.4.2/4-3.4.2:1.3/0003:047F:C010.0005/input/input6")
print("[    3.224162] plantronics 0003:047F:C010.0005: input,hidraw4: USB HID v1.00 Device [Plantronics Plantronics GameCom 780] on usb-0000:00:13.2-3.4.2/input3")
print("[    3.521092] Switched to clocksource tsc")
print("[    4.591814] floppy0: no floppy controllers found")
print("[    4.681936] EXT4-fs (sda1): mounted filesystem with ordered data mode. Opts: (null)")
print("[    4.733933] systemd[1]: systemd 219 running in system mode. (+PAM -AUDIT -SELINUX -IMA -APPARMOR +SMACK -SYSVINIT +UTMP +LIBCRYPTSETUP +GCRYPT +GNUTLS +ACL +XZ +LZ4 +SECCOMP +BLKID -ELFUTILS +KMOD +IDN)")
print("[    4.734117] systemd[1]: Detected architecture 'x86-64'.")
print("[    4.734850] systemd[1]: Set hostname to <"+host+">.")
print("[    4.761220] systemd[1]: Unit type .busname is not supported on this system.")
print("[    4.810570] systemd[1]: Cannot add dependency job for unit cups.socket, ignoring: Unit cups.socket failed to load: No such file or directory.")
print("[    4.810600] systemd[1]: Cannot add dependency job for unit temp-links-catalyst.service, ignoring: Unit temp-links-catalyst.service failed to load: No such file or directory.")
print("[    4.810614] systemd[1]: Cannot add dependency job for unit cups.path, ignoring: Unit cups.path failed to load: No such file or directory.")
print("[    4.810627] systemd[1]: Cannot add dependency job for unit catalyst-hook.service, ignoring: Unit catalyst-hook.service failed to load: No such file or directory.")
print("[    4.811046] systemd[1]: Started Forward Password Requests to Wall Directory Watch.")
print("[    4.811057] systemd[1]: Starting Forward Password Requests to Wall Directory Watch.")
print("[    4.811151] systemd[1]: Set up automount Arbitrary Executable File Formats File System Automount Point.")
print("[    4.811160] systemd[1]: Starting Arbitrary Executable File Formats File System Automount Point.")
print("[    4.811171] systemd[1]: Reached target Encrypted Volumes.")
print("[    4.811178] systemd[1]: Starting Encrypted Volumes.")
print("[    4.811334] systemd[1]: Created slice Root Slice.")
print("[    4.811342] systemd[1]: Starting Root Slice.")
print("[    4.821730] systemd[1]: Listening on Journal Audit Socket.")
print("[    4.821777] systemd[1]: Listening on Delayed Shutdown Socket.")
print("[    4.821786] systemd[1]: Starting Delayed Shutdown Socket.")
print("[    4.821812] systemd[1]: Listening on udev Kernel Socket.")
print("[    4.821819] systemd[1]: Starting udev Kernel Socket.")
print("[    4.821948] systemd[1]: Created slice User and Session Slice.")
print("[    4.821957] systemd[1]: Starting User and Session Slice.")
print("[    4.822038] systemd[1]: Created slice System Slice.")
print("[    4.822049] systemd[1]: Starting System Slice.")
print("[    4.822059] systemd[1]: Reached target Slices.")
print("[    4.822066] systemd[1]: Starting Slices.")
print("[    4.822149] systemd[1]: Created slice system-systemd\x2dfsck.slice.")
print("[    4.822157] systemd[1]: Starting system-systemd\x2dfsck.slice.")
print("[    4.822181] systemd[1]: Listening on udev Control Socket.")
print("[    4.822188] systemd[1]: Starting udev Control Socket.")
print("[    4.822207] systemd[1]: Listening on LVM2 metadata daemon socket.")
print("[    4.822214] systemd[1]: Starting LVM2 metadata daemon socket.")
print("[    4.822237] systemd[1]: Listening on Journal Socket (/dev/log).")
print("[    4.822244] systemd[1]: Starting Journal Socket (/dev/log).")
print("[    4.822279] systemd[1]: Started Dispatch Password Requests to Console Directory Watch.")
print("[    4.822286] systemd[1]: Starting Dispatch Password Requests to Console Directory Watch.")
print("[    4.822295] systemd[1]: Reached target Remote File Systems.")
print("[    4.822301] systemd[1]: Starting Remote File Systems.")
print("[    4.822312] systemd[1]: Reached target Login Prompts.")
print("[    4.822319] systemd[1]: Starting Login Prompts.")
print("[    4.822327] systemd[1]: Reached target Swap.")
print("[    4.822334] systemd[1]: Starting Swap.")
print("[    4.822357] systemd[1]: Listening on Device-mapper event daemon FIFOs.")
print("[    4.822364] systemd[1]: Starting Device-mapper event daemon FIFOs.")
print("[    4.822385] systemd[1]: Listening on /dev/initctl Compatibility Named Pipe.")
print("[    4.822391] systemd[1]: Starting /dev/initctl Compatibility Named Pipe.")
print("[    4.822417] systemd[1]: Listening on Journal Socket.")
print("[    4.822427] systemd[1]: Starting Journal Socket.")
print("[    4.822836] systemd[1]: Starting udev Coldplug all Devices...")
print("[    4.823280] systemd[1]: Starting Setup Virtual Console...")
print("[    4.823774] systemd[1]: Mounting Huge Pages File System...")
print("[    4.825329] systemd[1]: Starting Load Kernel Modules...")
print("[    4.825366] systemd[1]: Started File System Check on Root Device.")
print("[    4.825853] systemd[1]: Starting Remount Root and Kernel File Systems...")
print("[    4.826370] systemd[1]: Starting Create list of required static device nodes for the current kernel...")
print("[    4.826862] systemd[1]: Mounting POSIX Message Queue File System...")
print("[    4.827376] systemd[1]: Mounting Debug File System...")
print("[    4.827928] systemd[1]: Starting Journal Service...")
print("[    4.828068] systemd[1]: Created slice system-getty.slice.")
print("[    4.828081] systemd[1]: Starting system-getty.slice.")
print("[    4.829925] systemd[1]: Starting Set Up Additional Binary Formats...")
print("[    4.830618] systemd[1]: Started Create list of required static device nodes for the current kernel.")
print("[    4.834180] systemd[1]: Mounted Huge Pages File System.")
print("[    4.835490] systemd[1]: Got automount request for /proc/sys/fs/binfmt_misc, triggered by 169 (systemd-binfmt)")
print("[    4.837099] EXT4-fs (sda1): re-mounted. Opts: data=ordered,discard")
print("[    4.837250] systemd[1]: Mounted POSIX Message Queue File System.")
print("[    4.837321] systemd[1]: Mounted Debug File System.")
print("[    4.837824] vboxdrv: Found 6 processor cores.")
print("[    4.838504] systemd[1]: Started Remount Root and Kernel File Systems.")
print("[    4.841373] vboxdrv: fAsync=0 offMin=0x415 offMax=0x1edf")
print("[    4.841460] vboxdrv: TSC mode is 'synchronous', kernel timer mode is 'normal'.")
print("[    4.841461] vboxdrv: Successfully loaded version 4.3.26_OSE (interface 0x001a000a).")
print("[    4.841887] systemd[1]: Started udev Coldplug all Devices.")
print("[    4.842567] systemd-journald[166]: Failed to set file attributes: Inappropriate ioctl for device")
print("[    4.848029] vboxpci: IOMMU not found (not registered)")
print("[    4.849317] systemd[1]: Started Rebuild Hardware Database.")
print("[    4.849803] systemd[1]: Starting Load/Save Random Seed...")
print("[    4.849839] systemd[1]: Started First Boot Wizard.")
print("[    4.849858] systemd[1]: Started Rebuild Dynamic Linker Cache.")
print("[    4.849878] systemd[1]: Started Create System Users.")
print("[    4.850370] systemd[1]: Starting Create Static Device Nodes in /dev...")
print("[    4.850836] systemd[1]: Mounting Arbitrary Executable File Formats File System...")
print("[    4.851430] systemd[1]: Started Load Kernel Modules.")
print("[    4.852852] systemd[1]: Starting Apply Kernel Variables...")
print("[    4.852884] systemd[1]: Mounted FUSE Control File System.")
print("[    4.853371] systemd[1]: Mounting Configuration File System...")
print("[    4.854021] systemd[1]: Mounted Arbitrary Executable File Formats File System.")
print("[    4.855433] systemd[1]: Mounted Configuration File System.")
print("[    4.859241] systemd[1]: Started Set Up Additional Binary Formats.")
print("[    4.860667] systemd[1]: Started Load/Save Random Seed.")
print("[    4.869263] systemd[1]: Started Apply Kernel Variables.")
print("[    4.879199] systemd[1]: Started Setup Virtual Console.")
print("[    4.884949] systemd[1]: Started Create Static Device Nodes in /dev.")
print("[    4.885027] systemd[1]: Reached target Local File Systems (Pre).")
print("[    4.885036] systemd[1]: Starting Local File Systems (Pre).")
print("[    4.887128] systemd[1]: Mounting /tmp...")
print("[    4.887639] systemd[1]: Starting udev Kernel Device Manager...")
print("[    4.889657] systemd[1]: Mounted /tmp.")
print("[    4.967481] systemd[1]: Started udev Kernel Device Manager.")
print("[    4.978972] ACPI: processor limited to max C-state 1")
print("[    4.995520] shpchp: Standard Hot Plug PCI Controller Driver version: 0.4")
print("[    4.995903] input: Power Button as /devices/LNXSYSTM:00/LNXSYBUS:00/PNP0C0C:00/input/input7")
print("[    4.995909] ACPI: Power Button [PWRB]")
print("[    4.995976] input: Power Button as /devices/LNXSYSTM:00/LNXPWRBN:00/input/input8")
print("[    4.995978] ACPI: Power Button [PWRF]")
print("[    5.026229] piix4_smbus 0000:00:14.0: SMBus Host Controller at 0xb00, revision 0")
print("[    5.026278] piix4_smbus 0000:00:14.0: Auxiliary SMBus Host Controller at 0xb20")
print("[    5.029598] sp5100_tco: SP5100/SB800 TCO WatchDog Timer Driver v0.05")
print("[    5.029662] sp5100_tco: PCI Revision ID: 0x42")
print("[    5.029697] sp5100_tco: Using 0xfed80b00 for watchdog MMIO address")
print("[    5.029709] sp5100_tco: Last reboot was not triggered by watchdog.")
print("[    5.029769] sp5100_tco: initialized (0xffffc900018e8b00). heartbeat=60 sec (nowayout=0)")
print("[    5.033765] r8169 Gigabit Ethernet driver 2.3LK-NAPI loaded")
print("[    5.033782] r8169 0000:05:00.0: can't disable ASPM; OS doesn't have ASPM control")
print("[    5.034260] r8169 0000:05:00.0 eth0: RTL8168d/8111d at 0xffffc900018ea000, LO:LN:OD:EA:DB:EE, XID 081000c0 IRQ 34")
print("[    5.034262] r8169 0000:05:00.0 eth0: jumbo features [frames: 9200 bytes, tx checksumming: ko]")
print("[    5.034427] MCE: In-kernel MCE decoding enabled.")
print("[    5.036266] [drm] Initialized drm 1.1.0 20060810")
print("[    5.037653] EDAC MC: Ver: 3.0.0")
print("[    5.041647] AMD64 EDAC driver v3.4.0")
print("[    5.041681] EDAC amd64: DRAM ECC disabled.")
print("[    5.041688] EDAC amd64: ECC disabled in the BIOS or no ECC capability, module will not load.")
print("                Either enable ECC checking or force module loading by setting 'ecc_enable_override'.")
print("                (Note that use of the override may cause unknown side effects.)")
print("[    5.042142] random: nonblocking pool is initialized")
print("[    5.042287] snd_hda_intel 0000:01:00.1: Handle VGA-switcheroo audio client")
print("[    5.042290] snd_hda_intel 0000:01:00.1: Force to non-snoop mode")
print("[    5.042657] systemd[1]: Started Journal Service.")
print("[    5.047337] input: PC Speaker as /devices/platform/pcspkr/input/input9")
print("[    5.056707] systemd-journald[166]: Received request to flush runtime journal from PID 1")
print("[    5.084122] sound hdaudioC0D0: autoconfig for ALC892: line_outs=4 (0x14/0x15/0x16/0x17/0x0) type:line")
print("[    5.084132] sound hdaudioC0D0:    speaker_outs=0 (0x0/0x0/0x0/0x0/0x0)")
print("[    5.084134] sound hdaudioC0D0:    hp_outs=1 (0x1b/0x0/0x0/0x0/0x0)")
print("[    5.084136] sound hdaudioC0D0:    mono: mono_out=0x0")
print("[    5.084137] sound hdaudioC0D0:    dig-out=0x11/0x1e")
print("[    5.084139] sound hdaudioC0D0:    inputs:")
print("[    5.084141] sound hdaudioC0D0:      Front Mic=0x19")
print("[    5.084143] sound hdaudioC0D0:      Rear Mic=0x18")
print("[    5.084144] sound hdaudioC0D0:      Line=0x1a")
print("[    5.086927] kvm: Nested Virtualization enabled")
print("[    5.086938] kvm: Nested Paging enabled")
print("[    5.100162] input: HDA ATI HDMI HDMI/DP,pcm=3 as /devices/pci0000:00/0000:00:02.0/0000:01:00.1/sound/card1/input11")
print("[    5.100203] input: HDA ATI HDMI HDMI/DP,pcm=7 as /devices/pci0000:00/0000:00:02.0/0000:01:00.1/sound/card1/input12")
print("[    5.100243] input: HDA ATI HDMI HDMI/DP,pcm=8 as /devices/pci0000:00/0000:00:02.0/0000:01:00.1/sound/card1/input13")
print("[    5.100332] input: HDA ATI HDMI HDMI/DP,pcm=9 as /devices/pci0000:00/0000:00:02.0/0000:01:00.1/sound/card1/input14")
print("[    5.100374] input: HDA ATI HDMI HDMI/DP,pcm=10 as /devices/pci0000:00/0000:00:02.0/0000:01:00.1/sound/card1/input15")
print("[    5.100407] input: HDA ATI HDMI HDMI/DP,pcm=11 as /devices/pci0000:00/0000:00:02.0/0000:01:00.1/sound/card1/input16")
print("[    5.104720] r8169 0000:05:00.0 enp5s0: renamed from eth0")
print("[    5.106235] input: HDA ATI SB Front Mic as /devices/pci0000:00/0000:00:14.2/sound/card0/input17")
print("[    5.107523] [drm] radeon kernel modesetting enabled.")
print("[    5.107654] input: HDA ATI SB Rear Mic as /devices/pci0000:00/0000:00:14.2/sound/card0/input18")
print("[    5.108118] [drm] initializing kernel modesetting (TAHITI 0x1002:0x679A 0x174B:0xE210).")
print("[    5.108133] [drm] register mmio base: 0xFE7C0000")
print("[    5.108134] [drm] register mmio size: 262144")
print("[    5.108780] ATOM BIOS: TAHITI")
print("[    5.108846] [drm] Changing default dispclk from 500Mhz to 600Mhz")
print("[    5.108859] radeon 0000:01:00.0: VRAM: 3072M 0x0000000000000000 - 0x00000000BFFFFFFF (3072M used)")
print("[    5.108862] radeon 0000:01:00.0: GTT: 1024M 0x00000000C0000000 - 0x00000000FFFFFFFF")
print("[    5.108864] [drm] Detected VRAM RAM=3072M, BAR=256M")
print("[    5.108865] [drm] RAM width 384bits DDR")
print("[    5.109009] [TTM] Zone  kernel: Available graphics memory: 8217892 kiB")
print("[    5.109012] [TTM] Zone   dma32: Available graphics memory: 2097152 kiB")
print("[    5.109014] [TTM] Initializing pool allocator")
print("[    5.109020] [TTM] Initializing DMA pool allocator")
print("[    5.109043] [drm] radeon: 3072M of VRAM memory ready")
print("[    5.109044] [drm] radeon: 1024M of GTT memory ready.")
print("[    5.109055] [drm] Loading tahiti Microcode")
print("[    5.112261] input: HDA ATI SB Line as /devices/pci0000:00/0000:00:14.2/sound/card0/input19")
print("[    5.112379] input: HDA ATI SB Line Out Front as /devices/pci0000:00/0000:00:14.2/sound/card0/input20")
print("[    5.112476] input: HDA ATI SB Line Out Surround as /devices/pci0000:00/0000:00:14.2/sound/card0/input21")
print("[    5.112538] input: HDA ATI SB Line Out CLFE as /devices/pci0000:00/0000:00:14.2/sound/card0/input22")
print("[    5.112615] input: HDA ATI SB Line Out Side as /devices/pci0000:00/0000:00:14.2/sound/card0/input23")
print("[    5.112683] input: HDA ATI SB Front Headphone as /devices/pci0000:00/0000:00:14.2/sound/card0/input24")
print("[    5.117091] [drm] Internal thermal controller with fan control")
print("[    5.117171] [drm] probing gen 2 caps for device 1002:5978 = 300d02/0")
print("[    5.124470] [drm] radeon: dpm initialized")
print("[    5.126731] [drm] GART: num cpu pages 262144, num gpu pages 262144")
print("[    5.128113] [drm] probing gen 2 caps for device 1002:5978 = 300d02/0")
print("[    5.128119] [drm] enabling PCIE gen 2 link speeds, disable with radeon.pcie_gen2=0")
print("[    5.132234] mousedev: PS/2 mouse device common for all mice")
print("[    5.153299] usbcore: registered new interface driver snd-usb-audio")
print("[    5.259309] EXT4-fs (sdb1): mounted filesystem with ordered data mode. Opts: data=ordered")
print("[    5.263755] microcode: CPU0: new patch_level=0x010000dc")
print("[    5.263770] microcode: CPU1: new patch_level=0x010000dc")
print("[    5.263786] microcode: CPU2: new patch_level=0x010000dc")
print("[    5.263804] microcode: CPU3: new patch_level=0x010000dc")
print("[    5.263812] microcode: CPU4: new patch_level=0x010000dc")
print("[    5.263822] microcode: CPU5: new patch_level=0x010000dc")
print("[    5.403724] f71882fg: Found f71889ed chip at 0x600, revision 16")
print("[    5.403884] f71882fg f71882fg.1536: Fan: 1 is in duty-cycle mode")
print("[    5.403913] f71882fg f71882fg.1536: Fan: 2 is in duty-cycle mode")
print("[    5.403938] f71882fg f71882fg.1536: Fan: 3 is in duty-cycle mode")
print("[    5.435936] [drm] PCIE GART of 1024M enabled (table at 0x0000000000277000).")
print("[    5.436060] radeon 0000:01:00.0: WB enabled")
print("[    5.436064] radeon 0000:01:00.0: fence driver on ring 0 use gpu addr 0x00000000c0000c00 and cpu addr 0xffff880416328c00")
print("[    5.436066] radeon 0000:01:00.0: fence driver on ring 1 use gpu addr 0x00000000c0000c04 and cpu addr 0xffff880416328c04")
print("[    5.436068] radeon 0000:01:00.0: fence driver on ring 2 use gpu addr 0x00000000c0000c08 and cpu addr 0xffff880416328c08")
print("[    5.436070] radeon 0000:01:00.0: fence driver on ring 3 use gpu addr 0x00000000c0000c0c and cpu addr 0xffff880416328c0c")
print("[    5.436072] radeon 0000:01:00.0: fence driver on ring 4 use gpu addr 0x00000000c0000c10 and cpu addr 0xffff880416328c10")
print("[    5.436842] radeon 0000:01:00.0: fence driver on ring 5 use gpu addr 0x0000000000075a18 and cpu addr 0xffffc90014b35a18")
print("[    5.436845] [drm] Supports vblank timestamp caching Rev 2 (21.10.2013).")
print("[    5.436846] [drm] Driver supports precise vblank timestamp query.")
print("[    5.436847] radeon 0000:01:00.0: radeon: MSI limited to 32-bit")
print("[    5.436884] radeon 0000:01:00.0: radeon: using MSI.")
print("[    5.436911] [drm] radeon: irq initialized.")
print("[    5.629225] [drm] ring test on 0 succeeded in 1 usecs")
print("[    5.629231] [drm] ring test on 1 succeeded in 1 usecs")
print("[    5.629236] [drm] ring test on 2 succeeded in 1 usecs")
print("[    5.629244] [drm] ring test on 3 succeeded in 3 usecs")
print("[    5.629249] [drm] ring test on 4 succeeded in 3 usecs")
print("[    5.668435] r8169 0000:05:00.0 enp5s0: link down")
print("[    5.668459] r8169 0000:05:00.0 enp5s0: link down")
print("[    5.816589] [drm] ring test on 5 succeeded in 1 usecs")
print("[    5.816595] [drm] UVD initialized successfully.")
print("[    5.816709] [drm] ib test on ring 0 succeeded in 0 usecs")
print("[    5.816732] [drm] ib test on ring 1 succeeded in 0 usecs")
print("[    5.816754] [drm] ib test on ring 2 succeeded in 0 usecs")
print("[    5.816776] [drm] ib test on ring 3 succeeded in 0 usecs")
print("[    5.816797] [drm] ib test on ring 4 succeeded in 0 usecs")
print("[    6.486632] [drm] ib test on ring 5 succeeded")
print("[    6.487270] [drm] Radeon Display Connectors")
print("[    6.487273] [drm] Connector 0:")
print("[    6.487275] [drm]   DP-1")
print("[    6.487276] [drm]   HPD5")
print("[    6.487278] [drm]   DDC: 0x6530 0x6530 0x6534 0x6534 0x6538 0x6538 0x653c 0x653c")
print("[    6.487278] [drm]   Encoders:")
print("[    6.487280] [drm]     DFP1: INTERNAL_UNIPHY2")
print("[    6.487281] [drm] Connector 1:")
print("[    6.487281] [drm]   HDMI-A-1")
print("[    6.487282] [drm]   HPD1")
print("[    6.487284] [drm]   DDC: 0x6560 0x6560 0x6564 0x6564 0x6568 0x6568 0x656c 0x656c")
print("[    6.487285] [drm]   Encoders:")
print("[    6.487285] [drm]     DFP2: INTERNAL_UNIPHY2")
print("[    6.487286] [drm] Connector 2:")
print("[    6.487287] [drm]   DVI-D-1")
print("[    6.487288] [drm]   HPD6")
print("[    6.487289] [drm]   DDC: 0x6550 0x6550 0x6554 0x6554 0x6558 0x6558 0x655c 0x655c")
print("[    6.487290] [drm]   Encoders:")
print("[    6.487291] [drm]     DFP3: INTERNAL_UNIPHY1")
print("[    6.487292] [drm] Connector 3:")
print("[    6.487292] [drm]   DVI-I-1")
print("[    6.487293] [drm]   HPD3")
print("[    6.487294] [drm]   DDC: 0x6580 0x6580 0x6584 0x6584 0x6588 0x6588 0x658c 0x658c")
print("[    6.487295] [drm]   Encoders:")
print("[    6.487296] [drm]     DFP4: INTERNAL_UNIPHY")
print("[    6.487297] [drm]     CRT1: INTERNAL_KLDSCP_DAC1")
print("[    6.950083] [drm] fb mappable at 0xD0479000")
print("[    6.950087] [drm] vram apper at 0xD0000000")
print("[    6.950088] [drm] size 8294400")
print("[    6.950089] [drm] fb depth is 24")
print("[    6.950090] [drm]    pitch is 7680")
print("[    6.950176] fbcon: radeondrmfb (fb0) is primary device")
print("[    7.016273] Console: switching to colour frame buffer device 240x67")
print("[    7.022503] radeon 0000:01:00.0: fb0: radeondrmfb frame buffer device")
print("[    7.022505] radeon 0000:01:00.0: registered panic notifier")
print("[    7.047079] [drm] Initialized radeon 2.41.0 20080528 for 0000:01:00.0 on minor 0")
print("[    8.001785] r8169 0000:05:00.0 enp5s0: link up")
print("[    8.017436] sound hdaudioC1D0: HDMI ATI/AMD: no speaker allocation for ELD")
print("[    8.018687] sound hdaudioC1D0: HDMI ATI/AMD: no speaker allocation for ELD")
print("[    8.034503] floppy0: no floppy controllers found")
print("[    8.084683] sound hdaudioC1D0: HDMI ATI/AMD: no speaker allocation for ELD")
print("[    8.084718] sound hdaudioC1D0: HDMI ATI/AMD: no speaker allocation for ELD")
print("[    8.314712] sound hdaudioC1D0: HDMI ATI/AMD: no speaker allocation for ELD")
print("[    8.614961] sound hdaudioC1D0: HDMI ATI/AMD: no speaker allocation for ELD")
print("[    8.915195] sound hdaudioC1D0: HDMI ATI/AMD: no speaker allocation for ELD")
print("[    9.215428] sound hdaudioC1D0: HDMI ATI/AMD: no speaker allocation for ELD")
print("[    9.515655] sound hdaudioC1D0: HDMI ATI/AMD: no speaker allocation for ELD")
print("[    9.815901] sound hdaudioC1D0: HDMI ATI/AMD: no speaker allocation for ELD")
print("[   10.116136] sound hdaudioC1D0: HDMI ATI/AMD: no speaker allocation for ELD")
print("[   10.416393] sound hdaudioC1D0: HDMI ATI/AMD: no speaker allocation for ELD")
print("[   59.492720] fuse init (API version 7.23)")
print("[   59.706004] Bluetooth: Core ver 2.20")
print("[   59.706038] NET: Registered protocol family 31")
print("[   59.706039] Bluetooth: HCI device and connection manager initialized")
print("[   59.706044] Bluetooth: HCI socket layer initialized")
print("[   59.706046] Bluetooth: L2CAP socket layer initialized")
print("[   59.706051] Bluetooth: SCO socket layer initialized")
print("[   59.711780] Bluetooth: BNEP (Ethernet Emulation) ver 1.3")
print("[   59.711783] Bluetooth: BNEP filters: protocol multicast")
print("[   59.711786] Bluetooth: BNEP socket layer initialized")
print("Now go look for identifying information and hack me -- Half-Shot")
